// Jest Snapshot v1, https://goo.gl/fbAQLP

exports[`CommentEdit test matches snapshot 1`] = `
ShallowWrapper {
  Symbol(enzyme.__root__): [Circular],
  Symbol(enzyme.__unrendered__): <CommentEdit
    clickDelete={[MockFunction]}
    clickEdit={[MockFunction]}
    clickReply={[MockFunction]}
    id={0}
    onClick={[MockFunction]}
  />,
  Symbol(enzyme.__renderer__): Object {
    "batchedUpdates": [Function],
    "getNode": [Function],
    "render": [Function],
    "simulateError": [Function],
    "simulateEvent": [Function],
    "unmount": [Function],
  },
  Symbol(enzyme.__node__): Object {
    "instance": null,
    "key": undefined,
    "nodeType": "host",
    "props": Object {
      "children": <div
        className="col-8"
      >
        <span
          className="text-primary"
          id="reply"
          onClick={[Function]}
        >
          <t
            border={false}
            brand={false}
            className=""
            fab={false}
            fal={false}
            far={false}
            fixed={false}
            flip=""
            icon="reply"
            inverse=""
            light={false}
            list={false}
            pull=""
            pulse={false}
            regular={false}
            rotate=""
            size=""
            spin={false}
            stack=""
          />
          reply  
        </span>
        <span
          className="text-primary"
          id="edit"
          onClick={[Function]}
        >
          <t
            border={false}
            brand={false}
            className=""
            fab={false}
            fal={false}
            far={false}
            fixed={false}
            flip=""
            icon="edit"
            inverse=""
            light={false}
            list={false}
            pull=""
            pulse={false}
            regular={false}
            rotate=""
            size=""
            spin={false}
            stack=""
          />
          Edit  
        </span>
        <span
          className="text-primary"
          id="delete"
          onClick={[Function]}
        >
          <t
            border={false}
            brand={false}
            className=""
            fab={false}
            fal={false}
            far={false}
            fixed={false}
            flip=""
            icon="trash"
            inverse=""
            light={false}
            list={false}
            pull=""
            pulse={false}
            regular={false}
            rotate=""
            size=""
            spin={false}
            stack=""
          />
          delete  
        </span>
      </div>,
      "className": "reply container row",
    },
    "ref": null,
    "rendered": Object {
      "instance": null,
      "key": undefined,
      "nodeType": "host",
      "props": Object {
        "children": Array [
          <span
            className="text-primary"
            id="reply"
            onClick={[Function]}
          >
            <t
              border={false}
              brand={false}
              className=""
              fab={false}
              fal={false}
              far={false}
              fixed={false}
              flip=""
              icon="reply"
              inverse=""
              light={false}
              list={false}
              pull=""
              pulse={false}
              regular={false}
              rotate=""
              size=""
              spin={false}
              stack=""
            />
            reply  
          </span>,
          <span
            className="text-primary"
            id="edit"
            onClick={[Function]}
          >
            <t
              border={false}
              brand={false}
              className=""
              fab={false}
              fal={false}
              far={false}
              fixed={false}
              flip=""
              icon="edit"
              inverse=""
              light={false}
              list={false}
              pull=""
              pulse={false}
              regular={false}
              rotate=""
              size=""
              spin={false}
              stack=""
            />
            Edit  
          </span>,
          <span
            className="text-primary"
            id="delete"
            onClick={[Function]}
          >
            <t
              border={false}
              brand={false}
              className=""
              fab={false}
              fal={false}
              far={false}
              fixed={false}
              flip=""
              icon="trash"
              inverse=""
              light={false}
              list={false}
              pull=""
              pulse={false}
              regular={false}
              rotate=""
              size=""
              spin={false}
              stack=""
            />
            delete  
          </span>,
        ],
        "className": "col-8",
      },
      "ref": null,
      "rendered": Array [
        Object {
          "instance": null,
          "key": undefined,
          "nodeType": "host",
          "props": Object {
            "children": Array [
              <t
                border={false}
                brand={false}
                className=""
                fab={false}
                fal={false}
                far={false}
                fixed={false}
                flip=""
                icon="reply"
                inverse=""
                light={false}
                list={false}
                pull=""
                pulse={false}
                regular={false}
                rotate=""
                size=""
                spin={false}
                stack=""
              />,
              "reply  ",
            ],
            "className": "text-primary",
            "id": "reply",
            "onClick": [Function],
          },
          "ref": null,
          "rendered": Array [
            Object {
              "instance": null,
              "key": undefined,
              "nodeType": "class",
              "props": Object {
                "border": false,
                "brand": false,
                "className": "",
                "fab": false,
                "fal": false,
                "far": false,
                "fixed": false,
                "flip": "",
                "icon": "reply",
                "inverse": "",
                "light": false,
                "list": false,
                "pull": "",
                "pulse": false,
                "regular": false,
                "rotate": "",
                "size": "",
                "spin": false,
                "stack": "",
              },
              "ref": null,
              "rendered": null,
              "type": [Function],
            },
            "reply  ",
          ],
          "type": "span",
        },
        Object {
          "instance": null,
          "key": undefined,
          "nodeType": "host",
          "props": Object {
            "children": Array [
              <t
                border={false}
                brand={false}
                className=""
                fab={false}
                fal={false}
                far={false}
                fixed={false}
                flip=""
                icon="edit"
                inverse=""
                light={false}
                list={false}
                pull=""
                pulse={false}
                regular={false}
                rotate=""
                size=""
                spin={false}
                stack=""
              />,
              "Edit  ",
            ],
            "className": "text-primary",
            "id": "edit",
            "onClick": [Function],
          },
          "ref": null,
          "rendered": Array [
            Object {
              "instance": null,
              "key": undefined,
              "nodeType": "class",
              "props": Object {
                "border": false,
                "brand": false,
                "className": "",
                "fab": false,
                "fal": false,
                "far": false,
                "fixed": false,
                "flip": "",
                "icon": "edit",
                "inverse": "",
                "light": false,
                "list": false,
                "pull": "",
                "pulse": false,
                "regular": false,
                "rotate": "",
                "size": "",
                "spin": false,
                "stack": "",
              },
              "ref": null,
              "rendered": null,
              "type": [Function],
            },
            "Edit  ",
          ],
          "type": "span",
        },
        Object {
          "instance": null,
          "key": undefined,
          "nodeType": "host",
          "props": Object {
            "children": Array [
              <t
                border={false}
                brand={false}
                className=""
                fab={false}
                fal={false}
                far={false}
                fixed={false}
                flip=""
                icon="trash"
                inverse=""
                light={false}
                list={false}
                pull=""
                pulse={false}
                regular={false}
                rotate=""
                size=""
                spin={false}
                stack=""
              />,
              "delete  ",
            ],
            "className": "text-primary",
            "id": "delete",
            "onClick": [Function],
          },
          "ref": null,
          "rendered": Array [
            Object {
              "instance": null,
              "key": undefined,
              "nodeType": "class",
              "props": Object {
                "border": false,
                "brand": false,
                "className": "",
                "fab": false,
                "fal": false,
                "far": false,
                "fixed": false,
                "flip": "",
                "icon": "trash",
                "inverse": "",
                "light": false,
                "list": false,
                "pull": "",
                "pulse": false,
                "regular": false,
                "rotate": "",
                "size": "",
                "spin": false,
                "stack": "",
              },
              "ref": null,
              "rendered": null,
              "type": [Function],
            },
            "delete  ",
          ],
          "type": "span",
        },
      ],
      "type": "div",
    },
    "type": "div",
  },
  Symbol(enzyme.__nodes__): Array [
    Object {
      "instance": null,
      "key": undefined,
      "nodeType": "host",
      "props": Object {
        "children": <div
          className="col-8"
        >
          <span
            className="text-primary"
            id="reply"
            onClick={[Function]}
          >
            <t
              border={false}
              brand={false}
              className=""
              fab={false}
              fal={false}
              far={false}
              fixed={false}
              flip=""
              icon="reply"
              inverse=""
              light={false}
              list={false}
              pull=""
              pulse={false}
              regular={false}
              rotate=""
              size=""
              spin={false}
              stack=""
            />
            reply  
          </span>
          <span
            className="text-primary"
            id="edit"
            onClick={[Function]}
          >
            <t
              border={false}
              brand={false}
              className=""
              fab={false}
              fal={false}
              far={false}
              fixed={false}
              flip=""
              icon="edit"
              inverse=""
              light={false}
              list={false}
              pull=""
              pulse={false}
              regular={false}
              rotate=""
              size=""
              spin={false}
              stack=""
            />
            Edit  
          </span>
          <span
            className="text-primary"
            id="delete"
            onClick={[Function]}
          >
            <t
              border={false}
              brand={false}
              className=""
              fab={false}
              fal={false}
              far={false}
              fixed={false}
              flip=""
              icon="trash"
              inverse=""
              light={false}
              list={false}
              pull=""
              pulse={false}
              regular={false}
              rotate=""
              size=""
              spin={false}
              stack=""
            />
            delete  
          </span>
        </div>,
        "className": "reply container row",
      },
      "ref": null,
      "rendered": Object {
        "instance": null,
        "key": undefined,
        "nodeType": "host",
        "props": Object {
          "children": Array [
            <span
              className="text-primary"
              id="reply"
              onClick={[Function]}
            >
              <t
                border={false}
                brand={false}
                className=""
                fab={false}
                fal={false}
                far={false}
                fixed={false}
                flip=""
                icon="reply"
                inverse=""
                light={false}
                list={false}
                pull=""
                pulse={false}
                regular={false}
                rotate=""
                size=""
                spin={false}
                stack=""
              />
              reply  
            </span>,
            <span
              className="text-primary"
              id="edit"
              onClick={[Function]}
            >
              <t
                border={false}
                brand={false}
                className=""
                fab={false}
                fal={false}
                far={false}
                fixed={false}
                flip=""
                icon="edit"
                inverse=""
                light={false}
                list={false}
                pull=""
                pulse={false}
                regular={false}
                rotate=""
                size=""
                spin={false}
                stack=""
              />
              Edit  
            </span>,
            <span
              className="text-primary"
              id="delete"
              onClick={[Function]}
            >
              <t
                border={false}
                brand={false}
                className=""
                fab={false}
                fal={false}
                far={false}
                fixed={false}
                flip=""
                icon="trash"
                inverse=""
                light={false}
                list={false}
                pull=""
                pulse={false}
                regular={false}
                rotate=""
                size=""
                spin={false}
                stack=""
              />
              delete  
            </span>,
          ],
          "className": "col-8",
        },
        "ref": null,
        "rendered": Array [
          Object {
            "instance": null,
            "key": undefined,
            "nodeType": "host",
            "props": Object {
              "children": Array [
                <t
                  border={false}
                  brand={false}
                  className=""
                  fab={false}
                  fal={false}
                  far={false}
                  fixed={false}
                  flip=""
                  icon="reply"
                  inverse=""
                  light={false}
                  list={false}
                  pull=""
                  pulse={false}
                  regular={false}
                  rotate=""
                  size=""
                  spin={false}
                  stack=""
                />,
                "reply  ",
              ],
              "className": "text-primary",
              "id": "reply",
              "onClick": [Function],
            },
            "ref": null,
            "rendered": Array [
              Object {
                "instance": null,
                "key": undefined,
                "nodeType": "class",
                "props": Object {
                  "border": false,
                  "brand": false,
                  "className": "",
                  "fab": false,
                  "fal": false,
                  "far": false,
                  "fixed": false,
                  "flip": "",
                  "icon": "reply",
                  "inverse": "",
                  "light": false,
                  "list": false,
                  "pull": "",
                  "pulse": false,
                  "regular": false,
                  "rotate": "",
                  "size": "",
                  "spin": false,
                  "stack": "",
                },
                "ref": null,
                "rendered": null,
                "type": [Function],
              },
              "reply  ",
            ],
            "type": "span",
          },
          Object {
            "instance": null,
            "key": undefined,
            "nodeType": "host",
            "props": Object {
              "children": Array [
                <t
                  border={false}
                  brand={false}
                  className=""
                  fab={false}
                  fal={false}
                  far={false}
                  fixed={false}
                  flip=""
                  icon="edit"
                  inverse=""
                  light={false}
                  list={false}
                  pull=""
                  pulse={false}
                  regular={false}
                  rotate=""
                  size=""
                  spin={false}
                  stack=""
                />,
                "Edit  ",
              ],
              "className": "text-primary",
              "id": "edit",
              "onClick": [Function],
            },
            "ref": null,
            "rendered": Array [
              Object {
                "instance": null,
                "key": undefined,
                "nodeType": "class",
                "props": Object {
                  "border": false,
                  "brand": false,
                  "className": "",
                  "fab": false,
                  "fal": false,
                  "far": false,
                  "fixed": false,
                  "flip": "",
                  "icon": "edit",
                  "inverse": "",
                  "light": false,
                  "list": false,
                  "pull": "",
                  "pulse": false,
                  "regular": false,
                  "rotate": "",
                  "size": "",
                  "spin": false,
                  "stack": "",
                },
                "ref": null,
                "rendered": null,
                "type": [Function],
              },
              "Edit  ",
            ],
            "type": "span",
          },
          Object {
            "instance": null,
            "key": undefined,
            "nodeType": "host",
            "props": Object {
              "children": Array [
                <t
                  border={false}
                  brand={false}
                  className=""
                  fab={false}
                  fal={false}
                  far={false}
                  fixed={false}
                  flip=""
                  icon="trash"
                  inverse=""
                  light={false}
                  list={false}
                  pull=""
                  pulse={false}
                  regular={false}
                  rotate=""
                  size=""
                  spin={false}
                  stack=""
                />,
                "delete  ",
              ],
              "className": "text-primary",
              "id": "delete",
              "onClick": [Function],
            },
            "ref": null,
            "rendered": Array [
              Object {
                "instance": null,
                "key": undefined,
                "nodeType": "class",
                "props": Object {
                  "border": false,
                  "brand": false,
                  "className": "",
                  "fab": false,
                  "fal": false,
                  "far": false,
                  "fixed": false,
                  "flip": "",
                  "icon": "trash",
                  "inverse": "",
                  "light": false,
                  "list": false,
                  "pull": "",
                  "pulse": false,
                  "regular": false,
                  "rotate": "",
                  "size": "",
                  "spin": false,
                  "stack": "",
                },
                "ref": null,
                "rendered": null,
                "type": [Function],
              },
              "delete  ",
            ],
            "type": "span",
          },
        ],
        "type": "div",
      },
      "type": "div",
    },
  ],
  Symbol(enzyme.__options__): Object {
    "adapter": ReactSixteenAdapter {
      "options": Object {
        "enableComponentDidUpdateOnSetState": true,
        "lifecycles": Object {
          "componentDidUpdate": Object {
            "onSetState": true,
          },
          "getDerivedStateFromProps": true,
          "getSnapshotBeforeUpdate": true,
          "setState": Object {
            "skipsComponentDidUpdateOnNullish": true,
          },
        },
      },
    },
  },
}
`;
