// Jest Snapshot v1, https://goo.gl/fbAQLP

exports[`<ArticleList> matches snapshort 1`] = `
ShallowWrapper {
  Symbol(enzyme.__root__): [Circular],
  Symbol(enzyme.__unrendered__): <ArticleList
    articles={Array []}
    author={
      Object {
        "username": "henry",
      }
    }
    body="this is body"
    description="description"
    getArticles={[Function]}
    getTags={[Function]}
    results={Object {}}
    tags={Array []}
    title="title"
  />,
  Symbol(enzyme.__renderer__): Object {
    "batchedUpdates": [Function],
    "getNode": [Function],
    "render": [Function],
    "simulateError": [Function],
    "simulateEvent": [Function],
    "unmount": [Function],
  },
  Symbol(enzyme.__node__): Object {
    "instance": null,
    "key": undefined,
    "nodeType": "class",
    "props": Object {
      "children": <t
        tag="div"
      >
        <t
          className="w-100 m-0"
          lg={null}
          md={null}
          size="9"
          sm={null}
          tag="div"
          xl={null}
          xs={null}
        />
        <t
          className="position-sticky m1"
          lg={null}
          md={null}
          size="3"
          sm={null}
          tag="div"
          xl={null}
          xs={null}
        >
          <TagsForm
            tags={Array []}
          />
        </t>
      </t>,
      "className": "pl-3",
      "fluid": false,
      "tag": "div",
    },
    "ref": null,
    "rendered": Object {
      "instance": null,
      "key": undefined,
      "nodeType": "class",
      "props": Object {
        "children": Array [
          <t
            className="w-100 m-0"
            lg={null}
            md={null}
            size="9"
            sm={null}
            tag="div"
            xl={null}
            xs={null}
          />,
          <t
            className="position-sticky m1"
            lg={null}
            md={null}
            size="3"
            sm={null}
            tag="div"
            xl={null}
            xs={null}
          >
            <TagsForm
              tags={Array []}
            />
          </t>,
        ],
        "tag": "div",
      },
      "ref": null,
      "rendered": Array [
        Object {
          "instance": null,
          "key": undefined,
          "nodeType": "class",
          "props": Object {
            "children": Array [],
            "className": "w-100 m-0",
            "lg": null,
            "md": null,
            "size": "9",
            "sm": null,
            "tag": "div",
            "xl": null,
            "xs": null,
          },
          "ref": null,
          "rendered": Array [],
          "type": [Function],
        },
        Object {
          "instance": null,
          "key": undefined,
          "nodeType": "class",
          "props": Object {
            "children": <TagsForm
              tags={Array []}
            />,
            "className": "position-sticky m1",
            "lg": null,
            "md": null,
            "size": "3",
            "sm": null,
            "tag": "div",
            "xl": null,
            "xs": null,
          },
          "ref": null,
          "rendered": Object {
            "instance": null,
            "key": undefined,
            "nodeType": "function",
            "props": Object {
              "tags": Array [],
            },
            "ref": null,
            "rendered": null,
            "type": [Function],
          },
          "type": [Function],
        },
      ],
      "type": [Function],
    },
    "type": [Function],
  },
  Symbol(enzyme.__nodes__): Array [
    Object {
      "instance": null,
      "key": undefined,
      "nodeType": "class",
      "props": Object {
        "children": <t
          tag="div"
        >
          <t
            className="w-100 m-0"
            lg={null}
            md={null}
            size="9"
            sm={null}
            tag="div"
            xl={null}
            xs={null}
          />
          <t
            className="position-sticky m1"
            lg={null}
            md={null}
            size="3"
            sm={null}
            tag="div"
            xl={null}
            xs={null}
          >
            <TagsForm
              tags={Array []}
            />
          </t>
        </t>,
        "className": "pl-3",
        "fluid": false,
        "tag": "div",
      },
      "ref": null,
      "rendered": Object {
        "instance": null,
        "key": undefined,
        "nodeType": "class",
        "props": Object {
          "children": Array [
            <t
              className="w-100 m-0"
              lg={null}
              md={null}
              size="9"
              sm={null}
              tag="div"
              xl={null}
              xs={null}
            />,
            <t
              className="position-sticky m1"
              lg={null}
              md={null}
              size="3"
              sm={null}
              tag="div"
              xl={null}
              xs={null}
            >
              <TagsForm
                tags={Array []}
              />
            </t>,
          ],
          "tag": "div",
        },
        "ref": null,
        "rendered": Array [
          Object {
            "instance": null,
            "key": undefined,
            "nodeType": "class",
            "props": Object {
              "children": Array [],
              "className": "w-100 m-0",
              "lg": null,
              "md": null,
              "size": "9",
              "sm": null,
              "tag": "div",
              "xl": null,
              "xs": null,
            },
            "ref": null,
            "rendered": Array [],
            "type": [Function],
          },
          Object {
            "instance": null,
            "key": undefined,
            "nodeType": "class",
            "props": Object {
              "children": <TagsForm
                tags={Array []}
              />,
              "className": "position-sticky m1",
              "lg": null,
              "md": null,
              "size": "3",
              "sm": null,
              "tag": "div",
              "xl": null,
              "xs": null,
            },
            "ref": null,
            "rendered": Object {
              "instance": null,
              "key": undefined,
              "nodeType": "function",
              "props": Object {
                "tags": Array [],
              },
              "ref": null,
              "rendered": null,
              "type": [Function],
            },
            "type": [Function],
          },
        ],
        "type": [Function],
      },
      "type": [Function],
    },
  ],
  Symbol(enzyme.__options__): Object {
    "adapter": ReactSixteenAdapter {
      "options": Object {
        "enableComponentDidUpdateOnSetState": true,
        "lifecycles": Object {
          "componentDidUpdate": Object {
            "onSetState": true,
          },
          "getDerivedStateFromProps": true,
          "getSnapshotBeforeUpdate": true,
          "setState": Object {
            "skipsComponentDidUpdateOnNullish": true,
          },
        },
      },
    },
  },
}
`;
